[usehyphen.com/index.html]
[usehyphen.com/icons/apple-touch-icon.png]
[usehyphen.com/icons/favicon-32x32.png]
[usehyphen.com/icons/favicon-16x16.png]
[usehyphen.com/manifest.json]
[usehyphen.com/icons/safari-pinned-tab.svg]
[usehyphen.com/favicon.ico]
[usehyphen.com/browserconfig.xml]
[usehyphen.com/lottie/site-intro.min.json]
[usehyphen.com/fonts/RoobertGX.woff2]
[backblue.gif]
[fade.gif]
[index.html]
[usehyphen.com/fonts/RoobertGX.woff]
[usehyphen.com/images/ui/icon-arrow-down-base-0.svg]
[usehyphen.com/css/siteb9c1.css]
[usehyphen.com/humans.txt]
[usehyphen.com/about.html]
[usehyphen.com/specs.html]
[usehyphen.com/assets/images/home-hero-01.mp4]
[usehyphen.com/assets/images/home-hero-02.mp4]
[usehyphen.com/assets/images/home-hero-03.mp4]
[usehyphen.com/assets/images/bowl-lift.mp4]
[usehyphen.com/assets/images/Bowl-toppings-web.mp4]
[usehyphen.com/assets/images/makeline-modular.mp4]
[usehyphen.com/assets/images/home-slider-01.min.json]
[usehyphen.com/assets/images/home-slider-03.min.json]
[usehyphen.com/privacy-policy.html]
[usehyphen.com/terms-of-use.html]
[usehyphen.com/disclaimer.html]
[usehyphen.com/index.html]
[usehyphen.com/icons/safari-pinned-tab.svg]
[usehyphen.com/images/ui/icon-arrow-down-base-0.svg]
[js.hs-scripts.com/21862211.js]
[usehyphen.com/js/siteb278.js]
[usehyphen.com/images/ui/btn-arrow-right-kale_deep.svg]
[usehyphen.com/images/splash/makeline.png]
[usehyphen.com/css/siteb9c1.css]
[www.googletagmanager.com/gtm5445.html]
[usehyphen.com/about.html]
[usehyphen.com/images/ui/icon-select-karat.svg]
[usehyphen.com/assets/files/HYPHEN-SPECSHEET.pdf]
[usehyphen.com/specs.html]
[usehyphen.com/privacy-policy.html]
[usehyphen.com/terms-of-use.html]
[usehyphen.com/disclaimer.html]
[usehyphen.com/images/ui/btn-arrow-right-kale_deep.svg]
[usehyphen.com/images/ui/icon-select-karat.svg]
[app.termly.io/embed-policy.min.js]
